// Jest Snapshot v1, https://goo.gl/fbAQLP

exports[`Tracker snapshot test 1`] = `ReactWrapper {}`;
